== HUT 1. fork closed: sober, no blackout, already burnt ==
  ok   sober30: no garden link ([])
  ok   sober30: gents open (['Down to the gents', 'Back to the street'])
  ok   sober30: no errors [] []
  ok   noblackout: no garden link ([])
  ok   noblackout: gents open (['Down to the gents', 'Back to the street'])
  ok   noblackout: no errors [] []
  ok   burnt: no garden link ([])
  ok   burnt square: gents closed, trace shown (['Back to the street'])
  ok   hut art gone when burnt
  ok   burnt: no errors [] []
== HUT 2. approach without matches ==
  ok   garden link offered without matches (['Sam: cross the garden to the hut'])
  ok   at the hut (Soho Square: the hut)
  ok   hut scene mounted, camera idle
  ok   no light link without matches (['Sam: walk away'])
  ok   door card without matches ([Sam: the hut door. You have no matches.] | [Sam: step back])
  ok   no JS errors []
== HUT 3. the full route: approach, door, king, gate, light, fire, after, street ==
  ok   drunk square offers the garden (['Sam: cross the garden to the hut'])
  ok   at the hut (Soho Square: the hut)
  ok   hut scene mounted, camera idle
  ok   dock buttons (['[Sam: door]', '[Sam: king]', '[Sam: gate]'])
  ok   dock buttons inside the frame []
  ok   passage links light it / walk away (['Sam: light it', 'Sam: walk away'])
  ok   king card: [Sam: the king on his plinth. An inspection, not a reward.] | [Sam: step back]
  ok   king card inside the frame []
  ok   king: Escape steps back
  ok   gate card: [Sam: the gate behind you. You can still walk away.] | [Sam: walk away][Sam: step back]
  ok   gate card inside the frame []
  ok   gate: Escape steps back
  ok   door card: [Sam: the hut door. One match. The choice to light it.] | [Sam: light it][Sam: step back]
  ok   door card inside the frame []
  note notebook over the hut scene: link clicked, overlay {'w': 689.5, 'h': 744.6600341796875, 'topEl': 'nb-grey', 'inside': True}
  ok   notebook closed again over the scene
  ok   light it goes to Soho Hut Burns (Soho Hut Burns)
  ok   fire scene mounted
  ok   hutBurnt true, one match spent (true 2)
  ok   hut recorded in lostToDrink (lily2,hut)
  note stats after fire: confidence 50 (was 60), sobriety 40 (was 25)
  ok   morale down, sobriety up
  ok   no tw-error on the fire ([])
  ok   fire card button (['[Sam: turn your back on it]'])
  ok   fire card inside the frame []
  ok   turn your back -> after (Soho Square: after)
  ok   scene wrap disposed after leaving
  ok   three registry entry released
  ok   no overlaps on after ([])
  ok   back on Dean Street (Dean Street)
  ok   hub flag hut = burnt
  ok   teleported to the square's south side (True Dean Street)
  ok   teleported to the square's east side (True Dean Street)
  ok   constable stationed by the square, note shown (A CONSTABLE / Move along now, sir. Nothing to see.)
  ok   notebook lists the hut under lost to drink
  ok   notebook map shows [Sam: burnt] under Soho Square (['Soho Square', '[Sam: burnt]'])
  ok   burnt label has a visible box [64, 10, True]
== HUT 4. revisits: fire cannot charge twice, direct entry without conditions ==
  ok   revisit burnt: no second charge (2 hut)
  ok   sober direct entry: nothing burns, fallback link (['Sam: back to the square'])
  ok   no scene on invalid entry
  ok   sober direct approach: no light link (['Sam: walk away'])
== HUT 5. Dawn remembers ==
  ok   Dawn record carries the hut line (0 / 5 / 0 / 12 / 1 Sam: lost to drink / Sam: the hut in Soho Square, burnt.)
  ok   no tw-error on Dawn
  ok   Dawn without the fire has no hut line
== WINDOWS 1. six panes, walk up, press E ==
  ok   on the map
  ok   six window actions in the passage
  ok   hidden action dock off screen
  ok   dean-north: pane tile solid, stand tile walkable (False True)
  ok   dean-north: smash button shows when near (block)
  ok   dean-north: broken marker after E
  ok   dean-north: still on Dean Street
  ok   dean-north: button hides once broken (none)
  ok   dean-west: pane tile solid, stand tile walkable (False True)
  ok   dean-west: smash button shows when near (block)
  ok   dean-west: broken marker after button
  ok   dean-west: still on Dean Street
  ok   dean-west: button hides once broken (none)
  ok   dean-east: pane tile solid, stand tile walkable (False True)
  ok   dean-east: smash button shows when near (block)
  ok   dean-east: broken marker after E
  ok   dean-east: still on Dean Street
  ok   dean-east: button hides once broken (none)
  ok   frith: pane tile solid, stand tile walkable (False True)
  ok   frith: smash button shows when near (block)
  ok   frith: broken marker after button
  ok   frith: still on Dean Street
  ok   frith: button hides once broken (none)
  ok   greek: pane tile solid, stand tile walkable (False True)
  ok   greek: smash button shows when near (block)
  ok   greek: broken marker after E
  ok   greek: still on Dean Street
  ok   greek: button hides once broken (none)
  ok   romilly: pane tile solid, stand tile walkable (False True)
  ok   romilly: smash button shows when near (block)
  ok   romilly: broken marker after button
  ok   romilly: still on Dean Street
  ok   romilly: button hides once broken (none)
  ok   six broken in state (dean-north,dean-west,dean-east,frith,greek,romilly)
  ok   no errors [] []
  ok   to the square
  ok   back to Dean Street (Dean Street)
  ok   damage persists after leaving (6)
  ok   no button by a broken pane
  ok   notebook counts six windows (['[Sam: broken windows] — 6'])
== WINDOWS 2. canvas click on the pane, and sober rejection ==
  ok   canvas click on the Frith pane breaks it and stays on the map (True)
  ok   sober: no window actions
  ok   sober: no smash button by the pane
  ok   sober: E does nothing ()
  ok   no JS errors []
FAILS 0
DONE
