A0 French drink link ok {'returns': 8, 'knowsCopperSecret': 70, 'sobriety': 70, 'confidence': 70, 'nightPhase': 0, 'returnedPage': 0, 'blackouts': 0, 'drinksTonight': 0, 'lilyCount': 0, 'drinksRound': 0}
A1 sobriety path ok [70, 59, 44, 28, 15, 7]
A2 menu shrinks from 3rd drink ok [5, 5, 5, 3, 3]
A3 blackout reached ok The Blackout
A3b no tw-errors ok []
A4 gents first time ok ['Give up. Sleep here.', 'Retch.', 'You gather your limbs to the bar.', '← Exit to the street', 'NOTEBOOK']
A5 blackouts=1 drinksTonight ok {'returns': 8, 'knowsCopperSecret': 7, 'sobriety': 7, 'confidence': 36, 'nightPhase': 0, 'returnedPage': 1, 'blackouts': 1, 'drinksTonight': 5, 'lilyCount': 0, 'drinksRound': 0}
A6 retch raises sobriety ok 40
A6b errors FAIL ([], ['Unable to decode audio data @@ '])
B1 blackout 2 ok The Blackout
B2 gents second time: sleep only ok ['Give up. Sleep here.', '← Exit to the street', 'NOTEBOOK']
B3 Alba Incomplete drinker line ok 


Alba Incomplete


AUDIT READ
returns	8
metCritic	false
inisToldOfPillars	false
dreamKey	</td></tr><tr><td>`alba`</td><td>`As cool as the pale wet leaves`</td></tr><tr><td>`haunts`</td><td>
metShana
B4 black page ok Black page
B5 dawn lost count ok forgotten the name of that flower.






0 / 5
0 / 12
2 Sam: lost to drink


By Three Blue Posts


Closing music by Sam Quill and Patrick Davidson Roberts, arr. and piano by Eoin Roe.


PLAY AGAIN




B6 errors ok []
C lily at 20 ok (0, 3, [])
C lily at 50 ok (1, None, [])
D stranger thins ok ({'returns': 8, 'knowsCopperSecret': 20, 'sobriety': 20, 'confidence': 50, 'nightPhase': 0, 'returnedPage': 0, 'blackouts': 0, 'drinksTonight': 0, 'lilyCount': 0, 'drinksRound': 0}, [])
D stranger sober ok {'returns': 8, 'knowsCopperSecret': 50, 'sobriety': 50, 'confidence': 60, 'nightPhase': 0, 'returnedPage': 0, 'blackouts': 0, 'drinksTonight': 0, 'lilyCount': 0, 'drinksRound': 0}
E1 no auto-crossing drunk ok ('Entering The Pillars of Hercules', ['Step through the third pillar', 'Perform the synthesis', 'Get a drink at the bar', 'Back to the street', '← Exit to the street', 'NOTEBOOK'])
E state: returns8metCritictrueinisToldOfPillarstruedreamKeylighteralbaAs cool as the pale wet leaveshaunts</td></tr><tr><td>`metShana`</td><td>`false`</td></tr><tr><td>`completedSetlist`</td><td>`false`</td></tr><tr><td>`metDavy`</td><td>`false`</td></tr><tr><td>`knowsCopperSecret`</td><td>`false`</td></tr><tr><td>`sobriety`</td><td>`16`</td></tr><tr><td>`confidence`</td><td>`77`</td></tr><tr><td>`coachUrgent`</td><td>`false`</td></tr><tr><td>`hasDrawing`</td><td>`false`</td></tr><tr><td>`completedDreams`</td><td>worldsVisited</td></tr><tr><td>`keyTicket`</td><td>`seed`</td></tr><tr><td>`keyLighter`</t
E2 the Wall ok ('The Wall', [])
E3 back, key kept, no charge ok ('Entering The Pillars of Hercules', 16, 'returns8metCritictrueinisToldOfPillarstruedreamKeylighteralbaAs cool as the pale wet leaveshaunts</td></tr><tr><td>`metShana`</td><td>`false`</td></tr><tr><td>`completedSetlist`</td><td>`false`</td></')
E4 sober auto-crossing ok Third Pillar Portal
F dual ring = blackout 1, retch ok ('Coach and Horses lock', 1, ['Give up. Sleep here.', 'Retch.', 'You gather your limbs to the bar.', '← Exit to the street', 'NOTEBOOK'])
G notebook + flag FAIL (None, ["❁ the flower at Ronnie's", '❁ Helvellyn Gooch', '❁ the third pillar'], [])
H Beaten drunk line ok []
H Standing drunk line ok []
I Pillars menu ok ['Stout', 'Porter', 'Mild', '← Exit to the street', 'NOTEBOOK']
I Stout returns to Pillars ok ('Entering The Pillars of Hercules', 1, [])
I John's round ok ('The Empty Glass', [])
FAILS: [('A6b errors', 'FAIL', ([], ['Unable to decode audio data @@ '])), ('G notebook + flag', 'FAIL', (None, ["❁ the flower at Ronnie's", '❁ Helvellyn Gooch', '❁ the third pillar'], []))]
WALKDONE
