== ti: Trisha's ==
  ok   ti: at Trisha's
  ok   ti: no passage words visible before the room ([])
  ok   ti: words arrive as a modal (modal)
  ok   ti: veil visible
  ok   ti: dismissed, room clean (room)
      strip: ['[Sam: the words]']
  ok   ti: strip visible with the read-again control
  ok   ti: every unclaimed link is on the strip ([] vs ['[Sam: the words]'])
  ok   ti: the words come back on the pink control
  ok   ti: a click on the dimmed room dismisses
  ok   ti: a close-up opens a card ('Shana', {'buttons': ['Approach Shana'], 'wayon': False})
  ok   ti: strip hidden under the card
  ok   ti: stepping back returns to the clean room with the strip (room)
  ok   ti: lost context, strip offers every link (['Approach Shana', 'Flip the beer mats on the bar', "Ronnie Scott's is nearby.", 'Back to the street'] vs ['Approach Shana', 'Flip the beer mats on the bar', "Ronnie Scott's is nearby.", 'Back to the street', '[Sam: the words]'])
  ok   ti: restored, strip back to the unclaimed links (['[Sam: the words]'])
  ok   ti: no tw-error
  ok   ti: no JS errors []
      (71s)
== cb: Coach and Horses bar ==
  ok   cb: at Coach and Horses bar
  ok   cb: no passage words visible before the room ([])
  ok   cb: words arrive as a modal (modal)
  ok   cb: veil visible
  ok   cb: dismissed, room clean (room)
      strip: ['[Sam: the words]']
  ok   cb: strip visible with the read-again control
  ok   cb: every unclaimed link is on the strip ([] vs ['[Sam: the words]'])
  ok   cb: the words come back on the pink control
  ok   cb: a click on the dimmed room dismisses
  ok   cb: a close-up opens a card ('the cow', {'buttons': ['the door'], 'wayon': True})
  ok   cb: strip hidden under the card
  ok   cb: stepping back returns to the clean room with the strip (room)
  ok   cb: lost context, strip offers every link ([] vs ['[Sam: the words]'])
  ok   cb: restored, strip back to the unclaimed links (['[Sam: the words]'])
  ok   cb: no tw-error
  ok   cb: no JS errors []
      (83s)

FAILS: 0
