ok himalayas/win (31s): Airport Pub > The Road to India > Foothills > The Mountain > The Climb > The Cave > The Cave > The Cave > Himalayan Return > Dean Street
ok himalayas/lose (30s): Airport Pub > The Road to India > Foothills > The Mountain > The Climb > The Cave > The Cave > The Cave > Himalayan Return > Dean Street
ok himalayas/turnback (18s): Airport Pub > The Road to India > Foothills > Himalayan Turn-Back > Dean Street
ok nazca/win (31s): Nazca Approach > Walking the Pampa > The Ridge > Nazca Race > The Centre — Nazca > The Centre — Nazca > The Centre — Nazca > Nazca Return > Dean Street
ok nazca/lose (31s): Nazca Approach > Walking the Pampa > The Ridge > Nazca Race > The Centre — Nazca > The Centre — Nazca > The Centre — Nazca > Nazca Return > Dean Street
ok nazca/turnback (12s): Nazca Approach > Walking the Pampa > Nazca Turn-Back > Dean Street
ok easter/win (22s): Easter Island Shore > Among the Moai > The Reclamation > The Listening Moai > The Glyph > The Glyph > The Glyph > Easter Island Return > Dean Street
ok easter/lose (22s): Easter Island Shore > Among the Moai > The Reclamation > The Listening Moai > The Glyph > The Glyph > The Glyph > Easter Island Return > Dean Street
ok easter/turnback (11s): Easter Island Shore > Among the Moai > Easter Island Turn-Back > Dean Street
ok pyramid/win (24s): Pyramid Mouth > Descending Corridor > Pyramid Run > Grand Gallery > King's Chamber > King's Chamber > King's Chamber > Pyramid Return > Dean Street
ok pyramid/lose (25s): Pyramid Mouth > Descending Corridor > Pyramid Run > Grand Gallery > King's Chamber > King's Chamber > King's Chamber > Pyramid Return > Dean Street
ok pyramid/turnback (18s): Pyramid Mouth > Descending Corridor > Pyramid Run > Grand Gallery > Pyramid Turn-Back > Dean Street
ok ezekiel/win (19s): The Plain of Chebar > Storm from the North > Four Living Creatures > The Wheel > The Wheel > The Wheel > Ezekiel Return > Dean Street
ok ezekiel/lose (20s): The Plain of Chebar > Storm from the North > Four Living Creatures > The Wheel > The Wheel > The Wheel > Ezekiel Return > Dean Street
ok ezekiel/turnback (19s): The Plain of Chebar > Storm from the North > Four Living Creatures > The Wheel > The Wheel > The Wheel > Ezekiel Return > Dean Street
ok night-complete (65s): Towards Dawn > The Fetch > Approach Centre Point > Alba Complete > Dawn Approach White > Dawn
ok night-incomplete (64s): Towards Dawn > The Fetch > Approach Centre Point > Alba Incomplete > Dawn Approach Black > Dawn
ok alt-dawn (6s): Alt-Dawn > Dawn
ok mini-pong/win (9s): PP Pong > PP Victory > Dean Street
ok mini-pong/lose (9s): PP Pong > PP Defeat > Dean Street
ok mini-cow/win (26s): Ride Jeffrey Bernard's cow > Cow ride success > LINE 3 > LINE 3 > Dean Street
ok mini-cow/lose (14s): Ride Jeffrey Bernard's cow > Cow ride fail > LINE 3 > LINE 3 > Dean Street
ok mini-bar/win (23s): Ronnie Scott's > Bar Canvas Win > The Set > After the music > Dean Street
ok mini-bar/lose (23s): Ronnie Scott's > Bar Canvas Lose > The Set > After the music > Dean Street
ok mini-fight/win (28s): Fight starts > Fight Victory > Standing > The dark pass > Dean Street
ok mini-fight/lose (28s): Fight starts > Fight Victory > Standing > The dark pass > Dean Street
!! mini-waltz/win (26s): Cecil Court Waltz
     {"at": "Cecil Court Waltz", "deadEnd": true}
!! mini-waltz/lose (26s): Cecil Court Waltz
     {"at": "Cecil Court Waltz", "deadEnd": true}
ok mini-cards/win (15s): Green Sea House of Cards > LINE 2 > Green Sea House of Cards > LINE 2 > LINE 2 > LINE 2 Oxford > Dean Street
ok mini-cards/lose (15s): Green Sea House of Cards > LINE 2 > Green Sea House of Cards > LINE 2 > LINE 2 > LINE 2 Oxford > Dean Street
!! mini-worm/win (12s): Soho Square Gents > Alley: Soho Square > Soho Square Gents > Alley: Soho Square > Soho Square Gents
     {"at": "Soho Square Gents", "loop": true}
!! mini-worm/lose (12s): Soho Square Gents > Alley: Soho Square > Soho Square Gents > Alley: Soho Square > Soho Square Gents
     {"at": "Soho Square Gents", "loop": true}
DONE
