[1/207] ok Approach Centre Point -> Approach Centre Point ov=0 sp=0 cl=0
[2/207] ok PP Pong -> PP Pong ov=0 sp=0 cl=0
[3/207] ok Eat Shelleys Liver -> Eat Shelleys Liver ov=0 sp=0 cl=0
[4/207] ok Lily SVG -> Lily SVG ov=0 sp=0 cl=0
[5/207] !! A Doorway on Dean Street -> Dean Street ov=2 sp=0 cl=1
[6/207] !! Doorway: Livonia Street -> Dean Street ov=2 sp=0 cl=1
[7/207] !! Doorway: Diadem Court -> Dean Street ov=2 sp=0 cl=1
[8/207] !! Doorway: Ham Yard -> Dean Street ov=2 sp=0 cl=1
[9/207] !! Doorway: Romilly Street -> Dean Street ov=2 sp=0 cl=1
[10/207] ok The Phone Box -> The Phone Box ov=0 sp=0 cl=0
[11/207] !! Approach Shana -> Approach Shana ov=0 sp=0 cl=1
[12/207] ok Approach the novelist -> Approach the novelist ov=0 sp=0 cl=0
[13/207] ok Approach The French -> Approach The French ov=0 sp=0 cl=0
[14/207] ok Approach The Coach -> Approach The Coach ov=0 sp=0 cl=0
[15/207] ok Approach The Pillars -> Approach The Pillars ov=0 sp=0 cl=0
[16/207] ok Approach Lacklands Office -> Approach Lacklands Office ov=0 sp=0 cl=0
[17/207] ok Approach The Ginger Light -> Approach The Ginger Light ov=0 sp=0 cl=0
[18/207] ok Approach The Colony Room -> Approach The Colony Room ov=0 sp=0 cl=0
[19/207] ok Approach Ronnie Scott's -> Approach Ronnie Scott's ov=0 sp=0 cl=0
[20/207] ok Approach Coppers Lair -> Approach Coppers Lair ov=0 sp=0 cl=0
[21/207] ok Approach Trisha's -> Approach Trisha's ov=0 sp=0 cl=0
[22/207] ok At the Corner of Dean Street and Greek Street -> At the Corner of Dean Street and Greek Street ov=0 sp=0 cl=0
[23/207] ok Beaten -> Beaten ov=0 sp=0 cl=0
[24/207] ok St. John's Word -> St. John's Word ov=0 sp=0 cl=0
[25/207] ok White page -> White page ov=0 sp=0 cl=0
[26/207] ok Black page -> Black page ov=0 sp=0 cl=0
[27/207] ok Dawn Approach White -> White page ov=0 sp=0 cl=0
[28/207] ok Dawn Approach Black -> Black page ov=0 sp=0 cl=0
[29/207] ok Cecil Court Approach -> Cecil Court Approach ov=0 sp=0 cl=0
[30/207] ok Approach O'Flatterly -> Approach O'Flatterly ov=0 sp=0 cl=0
