[1/207] ok Approach Centre Point -> Approach Centre Point ov=0 sp=0 cl=0
[2/207] ok PP Pong -> PP Pong ov=0 sp=0 cl=0
[3/207] ok Eat Shelleys Liver -> Eat Shelleys Liver ov=0 sp=0 cl=0
[4/207] ok Lily SVG -> Lily SVG ov=0 sp=0 cl=0
[5/207] !! A Doorway on Dean Street -> Dean Street ov=0 sp=0 cl=1
[6/207] !! Doorway: Livonia Street -> Dean Street ov=0 sp=0 cl=1
[7/207] !! Doorway: Diadem Court -> Dean Street ov=0 sp=0 cl=1
[8/207] !! Doorway: Ham Yard -> Dean Street ov=0 sp=0 cl=1
[9/207] !! Doorway: Romilly Street -> Dean Street ov=0 sp=0 cl=1
[10/207] ok The Phone Box -> The Phone Box ov=0 sp=0 cl=0
[11/207] !! Approach Shana -> Approach Shana ov=0 sp=0 cl=1
[12/207] ok Approach the novelist -> Approach the novelist ov=0 sp=0 cl=0
[13/207] ok Approach The French -> Approach The French ov=0 sp=0 cl=0
[14/207] !! Approach The Coach -> Approach The Coach ov=1 sp=0 cl=0
[15/207] ok Approach The Pillars -> Approach The Pillars ov=0 sp=0 cl=0
[16/207] !! Approach Lacklands Office -> Approach Lacklands Office ov=1 sp=0 cl=0
[17/207] ok Approach The Ginger Light -> Approach The Ginger Light ov=0 sp=0 cl=0
[18/207] ok Approach The Colony Room -> Approach The Colony Room ov=0 sp=0 cl=0
[19/207] ok Approach Ronnie Scott's -> Approach Ronnie Scott's ov=0 sp=0 cl=0
[20/207] ok Approach Coppers Lair -> Approach Coppers Lair ov=0 sp=0 cl=0
[21/207] !! Approach Trisha's -> Approach Trisha's ov=1 sp=0 cl=0
[22/207] ok At the Corner of Dean Street and Greek Street -> At the Corner of Dean Street and Greek Street ov=0 sp=0 cl=0
[23/207] ok Beaten -> Beaten ov=0 sp=0 cl=0
[24/207] ok St. John's Word -> St. John's Word ov=0 sp=0 cl=0
[25/207] ok White page -> White page ov=0 sp=0 cl=0
[26/207] ok Black page -> Black page ov=0 sp=0 cl=0
[27/207] ok Dawn Approach White -> Dawn Approach White ov=0 sp=0 cl=0
[28/207] ok Dawn Approach Black -> Dawn Approach Black ov=0 sp=0 cl=0
[29/207] ok Cecil Court Approach -> Cecil Court Approach ov=0 sp=0 cl=0
[30/207] ok Approach O'Flatterly -> Approach O'Flatterly ov=0 sp=0 cl=0
[31/207] ok Cecil Court -> Cecil Court ov=0 sp=0 cl=0
[32/207] ok Watkins -> Watkins ov=0 sp=0 cl=0
[33/207] ok Cecil Court Waltz -> Cecil Court Waltz ov=0 sp=0 cl=0
[34/207] ok Waltz Result Up -> Approach O'Flatterly ov=0 sp=0 cl=0
[35/207] ok Waltz Result Down -> Approach O'Flatterly ov=0 sp=0 cl=0
[36/207] ok O'Flatterly's shop -> O'Flatterly's shop ov=0 sp=0 cl=0
[37/207] ok Approach Chinese Fish and Chips -> Approach Chinese Fish and Chips ov=0 sp=0 cl=0
[38/207] ok Chinese Fish and Chips -> Chinese Fish and Chips ov=0 sp=0 cl=0
[39/207] ok Coach and Horses lock -> Coach and Horses lock ov=0 sp=0 cl=0
[40/207] ok Coach and Horses bar -> Coach and Horses bar ov=0 sp=0 cl=0
[41/207] ok Colony drink -> Colony drink ov=0 sp=0 cl=0
[42/207] ok Davy Merkin -> Davy Merkin ov=0 sp=0 cl=0
[43/207] ok Davy Merkin's tip -> Davy Merkin's tip ov=0 sp=0 cl=0
[44/207] ok Colony drink choice -> Colony drink choice ov=0 sp=0 cl=0
[45/207] ok Copper Word Accepted -> Copper Word Accepted ov=0 sp=0 cl=0
[46/207] ok Copper confronts -> Copper confronts ov=0 sp=0 cl=0
[47/207] ok Alba Complete -> Alba Complete ov=0 sp=0 cl=0
[48/207] ok The Fetch -> The Fetch ov=0 sp=0 cl=0
[49/207] ok Alba Incomplete -> Alba Incomplete ov=0 sp=0 cl=0
[50/207] !! Dawn -> Dawn ov=0 sp=0 cl=1
[51/207] ok Dean Street -> Aoife memory 2 ov=0 sp=0 cl=0
[52/207] ok Dido -> Dido ov=0 sp=0 cl=0
[53/207] ok Entering The Pillars of Hercules -> Third Pillar Portal ov=0 sp=0 cl=0
[54/207] ok Fetch Window SVG -> Fetch Window SVG ov=0 sp=0 cl=0
[55/207] ok Fetch Street SVG -> Fetch Street SVG ov=0 sp=0 cl=0
[56/207] ok Which drink at the Pillars? -> Which drink at the Pillars? ov=0 sp=0 cl=0
[57/207] ok Standing -> Standing ov=0 sp=0 cl=0
[58/207] ok The dark pass -> The dark pass ov=0 sp=0 cl=0
[59/207] ok Failure: Trisha's -> Failure: Trisha's ov=0 sp=0 cl=0
[60/207] ok Fight Defeat -> Fight Defeat ov=0 sp=0 cl=0
[61/207] ok Fight Victory -> Fight Victory ov=0 sp=0 cl=0
[62/207] ok Fight Victory Perfect -> Fight Victory Perfect ov=0 sp=0 cl=0
[63/207] !! Fight starts -> Fight starts ov=1 sp=0 cl=0
[64/207] ok Tarot Card Back -> Tarot Card Back ov=0 sp=0 cl=0
[65/207] !! Shana Reads -> Shana Reads ov=0 sp=0 cl=4
[66/207] !! Shana Looks Again -> Shana Looks Again ov=0 sp=0 cl=2
[67/207] !! Shana's Verdict -> Shana's Verdict ov=0 sp=0 cl=1
[68/207] !! After Shana -> After Shana ov=0 sp=0 cl=1
[69/207] ok His round -> His round ov=0 sp=0 cl=0
[70/207] ok The Empty Glass -> The Empty Glass ov=0 sp=0 cl=0
[71/207] ok LINE 1 -> LINE 1 ov=0 sp=0 cl=0
[72/207] ok Green Sea Approach -> Green Sea Approach ov=0 sp=0 cl=0
[73/207] ok LINE 2 -> LINE 2 ov=0 sp=0 cl=0
[74/207] !! Green Sea House of Cards -> Green Sea House of Cards ov=5 sp=0 cl=0
[75/207] !! LINE 2 Oxford -> LINE 2 Oxford ov=0 sp=0 cl=1
[76/207] ok LINE 3 -> LINE 3 ov=0 sp=0 cl=0
[77/207] ok Lackland's Back Room -> Lackland's Back Room ov=0 sp=0 cl=0
[78/207] ok Maltese Gangsters -> Maltese Gangsters ov=0 sp=0 cl=0
[79/207] ok Maritime interlude -> Maritime interlude ov=0 sp=0 cl=0
[80/207] ok Martin Lackland's Office -> Martin Lackland's Office ov=0 sp=0 cl=0
[81/207] ok Martin Lackland's Back Door -> Martin Lackland's Back Door ov=0 sp=0 cl=0
[82/207] ok No more -> No more ov=0 sp=0 cl=0
[83/207] ok None of us likes it! -> None of us likes it! ov=0 sp=0 cl=0
[84/207] ok O'Flatterly introduction -> O'Flatterly introduction ov=0 sp=0 cl=0
[85/207] ok O'Flatterly's quest -> O'Flatterly's quest ov=0 sp=0 cl=0
[86/207] ok PP Defeat -> PP Defeat ov=0 sp=0 cl=0
[87/207] ok PP Victory -> PP Victory ov=0 sp=0 cl=0
[88/207] ok Bar Canvas Win -> Bar Canvas Win ov=0 sp=0 cl=0
[89/207] ok Bar Canvas Lose -> Bar Canvas Lose ov=0 sp=0 cl=0
[90/207] ok The Set -> The Set ov=0 sp=0 cl=0
[91/207] ok After the music -> After the music ov=0 sp=0 cl=0
[92/207] ok Rescue the page -> Rescue the page ov=0 sp=0 cl=0
[93/207] ok Return the page -> Return the page ov=0 sp=0 cl=0
[94/207] ok O'Flatterly's Gift -> O'Flatterly's Gift ov=0 sp=0 cl=0
[95/207] ok After Cecil Court -> After Cecil Court ov=0 sp=0 cl=0
[96/207] ok Ride Jeffrey Bernard's cow -> Ride Jeffrey Bernard's cow ov=0 sp=0 cl=0
[97/207] ok Cow ride success -> Cow ride success ov=0 sp=0 cl=0
[98/207] ok Cow ride fail -> Cow ride fail ov=0 sp=0 cl=0
[99/207] ok Ronnie Scott's -> Ronnie Scott's ov=0 sp=0 cl=0
[100/207] ok Stand your ground -> Stand your ground ov=0 sp=0 cl=0
[101/207] ok Stay in Carthage -> Stay in Carthage ov=0 sp=0 cl=0
[102/207] ok Talk to the Artists -> Talk to the Artists ov=0 sp=0 cl=0
[103/207] ok Talk to the critic -> Talk to the critic ov=0 sp=0 cl=0
[104/207] ok Talk to the intimidating agent -> Talk to the intimidating agent ov=0 sp=0 cl=0
[105/207] ok The Colony Room -> The Colony Room ov=0 sp=0 cl=0
[106/207] ok The Colony Room Door -> The Colony Room ov=0 sp=0 cl=0
[107/207] ok Colony Member -> Colony Member ov=0 sp=0 cl=0
[108/207] ok The French -> The French ov=0 sp=0 cl=0
[109/207] ok The Interval -> The Interval ov=0 sp=0 cl=0
[110/207] ok The Night Ahead -> The Night Ahead ov=0 sp=0 cl=0
[111/207] ok Night Ahead Part Two -> Night Ahead Part Two ov=0 sp=0 cl=0
[112/207] ok Name Your Book -> Name Your Book ov=0 sp=0 cl=0
[113/207] ok The Spanish Artist -> The Spanish Artist ov=0 sp=0 cl=0
[114/207] ok Benito's Hour -> Benito's Hour ov=0 sp=0 cl=0
[115/207] ok The Painter's Gaze -> The Painter's Gaze ov=0 sp=0 cl=0
[116/207] ok Sketch the Painter -> Sketch the Painter ov=0 sp=0 cl=0
[117/207] ok Give him the painting -> Give him the painting ov=0 sp=0 cl=0
[118/207] ok After the painter -> After the painter ov=0 sp=0 cl=0
[119/207] ok The Stranger at the French -> The Stranger at the French ov=0 sp=0 cl=0
[120/207] ok The coast of Carthage -> The coast of Carthage ov=0 sp=0 cl=0
[121/207] ok Carthage shore -> Carthage shore ov=0 sp=0 cl=0
[122/207] ok The critic's judgement -> The critic's judgement ov=0 sp=0 cl=0
[123/207] ok The novelist -> The novelist ov=0 sp=0 cl=0
[124/207] ok The phone call -> The phone call ov=0 sp=0 cl=0
[125/207] ok Lily phone call 1 -> Lily phone call 1 ov=0 sp=0 cl=0
[126/207] ok After the call -> After the call ov=0 sp=0 cl=0
[127/207] ok After Aoife -> After Aoife ov=0 sp=0 cl=0
[128/207] ok Aoife memory 2 -> Aoife memory 2 ov=0 sp=0 cl=0
[129/207] ok The dual ring -> The dual ring ov=0 sp=0 cl=0
[130/207] !! Trisha's -> Trisha's ov=0 sp=0 cl=1
[131/207] ok Turn to Copper -> Turn to Copper ov=0 sp=0 cl=0
[132/207] ok Watch the decider -> Watch the decider ov=0 sp=0 cl=0
[133/207] ok Which drink at the French? -> Which drink at the French? ov=0 sp=0 cl=0
[134/207] !! DBG Matchbook -> Dean Street ov=0 sp=0 cl=1
[135/207] !! DBG Complete -> Dean Street ov=4 sp=0 cl=1
[136/207] ok You speak to the poet -> You speak to the poet ov=0 sp=0 cl=0
[137/207] !! Build Notebook -> Build Notebook ov=8 sp=0 cl=0
[138/207] ok Cecil Rule SVG -> Cecil Rule SVG ov=0 sp=0 cl=0
[139/207] ok Trisha Strip SVG -> Trisha Strip SVG ov=0 sp=0 cl=0
[140/207] ok French Rule SVG h24 -> French Rule SVG h24 ov=0 sp=0 cl=0
[141/207] ok French Rule SVG h60 -> French Rule SVG h60 ov=0 sp=0 cl=0
[142/207] ok Ronnies Rule SVG h14 -> Ronnies Rule SVG h14 ov=0 sp=0 cl=0
[143/207] ok Dawn Rule SVG top -> Dawn Rule SVG top ov=0 sp=0 cl=0
[144/207] ok Dawn Rule SVG eclipse -> Dawn Rule SVG eclipse ov=0 sp=0 cl=0
[145/207] ok Dawn Rule SVG bottom -> Dawn Rule SVG bottom ov=0 sp=0 cl=0
[146/207] ok Ending Vines SVG -> Ending Vines SVG ov=0 sp=0 cl=0
[147/207] ok Dawn Lily Sprig -> Dawn Lily Sprig ov=0 sp=0 cl=0
[148/207] !! Airport Pub -> Airport Pub ov=2 sp=0 cl=0
[149/207] ok The Road to India -> The Road to India ov=0 sp=0 cl=0
[150/207] ok Foothills -> Foothills ov=0 sp=0 cl=0
[151/207] ok The Mountain -> The Mountain ov=0 sp=0 cl=0
[152/207] ok The Cave -> The Cave ov=0 sp=0 cl=0
[153/207] ok Himalayan Return -> Himalayan Return ov=0 sp=0 cl=0
[154/207] ok Himalayan Turn-Back -> Himalayan Turn-Back ov=0 sp=0 cl=0
[155/207] !! Nazca Approach -> Nazca Approach ov=2 sp=0 cl=0
[156/207] ok Walking the Pampa -> Walking the Pampa ov=0 sp=0 cl=0
[157/207] ok The Ridge -> The Ridge ov=0 sp=0 cl=0
[158/207] ok The Centre — Nazca -> The Centre — Nazca ov=0 sp=0 cl=0
[159/207] ok Nazca Return -> Nazca Return ov=0 sp=0 cl=0
[160/207] ok Nazca Turn-Back -> Nazca Turn-Back ov=0 sp=0 cl=0
[161/207] !! Easter Island Shore -> Easter Island Shore ov=2 sp=0 cl=0
[162/207] ok Among the Moai -> Among the Moai ov=0 sp=0 cl=0
[163/207] ok The Reclamation -> The Reclamation ov=0 sp=0 cl=0
[164/207] ok The Listening Moai -> The Listening Moai ov=0 sp=0 cl=0
[165/207] ok The Glyph -> The Glyph ov=0 sp=0 cl=0
[166/207] ok Easter Island Return -> Easter Island Return ov=0 sp=0 cl=0
[167/207] ok Easter Island Turn-Back -> Easter Island Turn-Back ov=0 sp=0 cl=0
[168/207] !! Pyramid Mouth -> Pyramid Mouth ov=1 sp=0 cl=0
[169/207] ok Descending Corridor -> Descending Corridor ov=0 sp=0 cl=0
[170/207] ok Grand Gallery -> Grand Gallery ov=0 sp=0 cl=0
[171/207] ok King's Chamber -> King's Chamber ov=0 sp=0 cl=0
[172/207] ok Pyramid Return -> Pyramid Return ov=0 sp=0 cl=0
[173/207] ok Pyramid Turn-Back -> Pyramid Turn-Back ov=0 sp=0 cl=0
[174/207] !! The Plain of Chebar -> The Plain of Chebar ov=2 sp=0 cl=0
[175/207] ok Storm from the North -> Storm from the North ov=0 sp=0 cl=0
[176/207] ok Four Living Creatures -> Four Living Creatures ov=0 sp=0 cl=0
[177/207] ok The Wheel -> The Wheel ov=0 sp=0 cl=0
[178/207] ok Ezekiel Return -> Ezekiel Return ov=0 sp=0 cl=0
[179/207] ok Third Pillar Portal -> Third Pillar Portal ov=0 sp=0 cl=0
[180/207] ok The Sanctum -> The Sanctum ov=0 sp=0 cl=0
[181/207] ok The Sanctum — Sitting -> The Sanctum — Sitting ov=0 sp=0 cl=0
[182/207] ok The Synthesis -> The Synthesis ov=0 sp=0 cl=0
[183/207] ok Alt-Dawn -> Alt-Dawn ov=0 sp=0 cl=0
[184/207] ok Red Recognises the Name -> Red Recognises the Name ov=0 sp=0 cl=0
[185/207] ok Benito Recognises the Wheel -> Benito Recognises the Wheel ov=0 sp=0 cl=0
[186/207] ok The Critic Hears the Mantra -> The Critic Hears the Mantra ov=0 sp=0 cl=0
[187/207] ok Lackland Recognises the Tracing -> Lackland Recognises the Tracing ov=0 sp=0 cl=0
[188/207] ok Inis Recognises the Proportion -> Inis Recognises the Proportion ov=0 sp=0 cl=0
[189/207] ok Nazca Race -> Nazca Race ov=0 sp=0 cl=0
[190/207] ok Pyramid Run -> Pyramid Run ov=0 sp=0 cl=0
[191/207] ok The Climb -> The Climb ov=0 sp=0 cl=0
[192/207] ok Alley: Meard Street -> Alley: Meard Street ov=0 sp=0 cl=0
[193/207] ok Alley: St Anne's Court -> Alley: St Anne's Court ov=0 sp=0 cl=0
[194/207] ok Alley: Bourchier Street -> Alley: Bourchier Street ov=0 sp=0 cl=0
[195/207] ok Bourchier Street: The Car Park -> Bourchier Street: The Car Park ov=0 sp=0 cl=0
[196/207] ok Bourchier Street: The Doorway -> Bourchier Street: The Doorway ov=0 sp=0 cl=0
[197/207] ok Alley: Richmond Buildings -> Alley: Richmond Buildings ov=0 sp=0 cl=0
[198/207] ok Alley: Bateman's Buildings -> Alley: Bateman's Buildings ov=0 sp=0 cl=0
[199/207] ok Alley: Walker's Court -> Alley: Walker's Court ov=0 sp=0 cl=0
[200/207] ok Alley: Greek Court -> Alley: Greek Court ov=0 sp=0 cl=0
[201/207] ok Alley: Soho Square -> Alley: Soho Square ov=0 sp=0 cl=0
[202/207] ok Alley: Charing Cross Road -> Alley: Charing Cross Road ov=0 sp=0 cl=0
[203/207] ok Alley: Oxford Street -> Alley: Oxford Street ov=0 sp=0 cl=0
[204/207] ok Soho Hut Art -> Soho Hut Art ov=0 sp=0 cl=0
[205/207] !! Soho Square Gents -> Soho Square Gents ov=0 sp=0 cl=7
[206/207] ok Night Progress -> Night Progress ov=0 sp=0 cl=0
[207/207] ok Towards Dawn -> Towards Dawn ov=0 sp=0 cl=0
DONE
