Soho Square Gents              plain text visible before panel at [450, 650, 900, 1300, 2600]ms; NO PANEL mark=0 | h=None sh=None ch=None top=None hdr=148 links=0
Shana Reads                    plain text visible before panel at [250, 650, 900, 1300, 2600]ms; NO PANEL mark=0 | h=None sh=None ch=None top=None hdr=148 links=0
Carthage shore                 scrolls inside (700/694) | h=696 sh=700 ch=694 top=164 hdr=148 links=2
His round                      scrolls inside (695/689) | h=691 sh=695 ch=689 top=205 hdr=148 links=2
The Synthesis                  scrolls inside (334/328) | h=330 sh=334 ch=328 top=299 hdr=148 links=1
Beaten                         scrolls inside (521/515) | h=517 sh=521 ch=515 top=226 hdr=148 links=1
The dark pass                  plain text visible before panel at [450, 650, 900, 1300, 2600]ms; NO PANEL mark=0 | h=None sh=None ch=None top=None hdr=148 links=0
Standing                       scrolls inside (533/527) | h=529 sh=533 ch=527 top=220 hdr=148 links=1
O'Flatterly's Gift             scrolls inside (1183/1177) | h=1179 sh=1183 ch=1177 top=205 hdr=148 links=1
The Wheel                      scrolls inside (424/418) | h=420 sh=424 ch=418 top=254 hdr=148 links=1
The Interval                   scrolls inside (528/522) | h=524 sh=528 ch=522 top=202 hdr=148 links=1
Dawn Lily Sprig                scrolls inside (509/503) | h=505 sh=509 ch=503 top=211 hdr=148 links=0
Alley: Bateman's Buildings     scrolls inside (269/263) | h=265 sh=269 ch=263 top=331 hdr=148 links=1
The Colony Room Door           scrolls inside (683/677) | h=679 sh=683 ch=677 top=164 hdr=148 links=2
Colony drink                   scrolls inside (540/534) | h=536 sh=540 ch=534 top=217 hdr=148 links=2
Lackland's Back Room           scrolls inside (685/679) | h=681 sh=685 ch=679 top=205 hdr=148 links=1
The Cave                       scrolls inside (398/392) | h=394 sh=398 ch=392 top=267 hdr=148 links=1
Alt-Dawn                       scrolls inside (424/418) | h=420 sh=424 ch=418 top=254 hdr=148 links=1
Himalayan Turn-Back            scrolls inside (269/263) | h=265 sh=269 ch=263 top=331 hdr=148 links=1
Which drink at the Pillars?    scrolls inside (166/160) | h=162 sh=166 ch=160 top=404 hdr=148 links=3
The Phone Box                  scrolls inside (321/315) | h=317 sh=321 ch=315 top=305 hdr=148 links=1
Cow ride success               plain text visible before panel at [450, 650, 900, 1300, 2600]ms; NO PANEL mark=0 | h=None sh=None ch=None top=None hdr=None links=0
The Listening Moai             scrolls inside (385/379) | h=381 sh=385 ch=379 top=273 hdr=148 links=1
The Painter's Gaze             scrolls inside (767/761) | h=763 sh=767 ch=761 top=164 hdr=148 links=1
O'Flatterly introduction       scrolls inside (346/340) | h=342 sh=346 ch=340 top=313 hdr=148 links=1
The Ridge                      scrolls inside (282/276) | h=278 sh=282 ch=276 top=325 hdr=148 links=1
The Fetch                      scrolls inside (721/715) | h=717 sh=721 ch=715 top=164 hdr=None links=0
The Blackout                   plain text visible before panel at [450, 650, 900, 1300, 2600]ms; NO PANEL mark=0 | h=None sh=None ch=None top=None hdr=148 links=0
Nazca Turn-Back                scrolls inside (256/250) | h=252 sh=256 ch=250 top=338 hdr=148 links=1
Cecil Court Approach           scrolls inside (140/134); JS ["Cannot set properties of null (setting 'textContent') @@ TypeError: Cannot set properties of null (setting 'textContent')\n    at HTMLDocument.<anonymous> (<anon"] | h=136 sh=140 ch=134 top=396 hdr=148 links=2
Maltese Gangsters              scrolls inside (633/627) | h=629 sh=633 ch=627 top=164 hdr=148 links=0
Maritime interlude             scrolls inside (812/806) | h=808 sh=812 ch=806 top=164 hdr=148 links=2
The Night Ahead                plain text visible before panel at [450, 650, 900, 1300, 2600]ms; NO PANEL mark=0 | h=None sh=None ch=None top=None hdr=None links=0
Aoife memory 2                 plain text visible before panel at [450, 650, 900, 1300, 2600]ms; NO PANEL mark=0 | h=None sh=None ch=None top=None hdr=148 links=0
Soho Square                    landed at Start; scrolls inside (66/60) | h=62 sh=66 ch=60 top=433 hdr=None links=0
Towards Dawn                   scrolls inside (551/545) | h=547 sh=551 ch=545 top=190 hdr=148 links=2
Trisha's Loo                   landed at Start; scrolls inside (66/60) | h=62 sh=66 ch=60 top=433 hdr=None links=0
Coach and Horses               landed at Start; scrolls inside (66/60) | h=62 sh=66 ch=60 top=433 hdr=None links=0
The Colony Room Door           scrolls inside (683/677) | h=679 sh=683 ch=677 top=164 hdr=148 links=2
